[MOCK ROBOT] LOOK CENTER target=PERSON distance=NEAR confidence=n/a
B2 run=0 t=3 P='{\n  "person_visible": true,\n  "person_count": 1,\n  "person_direction": "CENTER",\n  "person_distance": "NEAR",\n  "blocking_obstacle": "NONE"\n}' D=B time={'perception_wall_s': 2.1962638000004517, 'state_update_s': 1.3700000636163168e-05, 'planner_wall_s': 0.0719293000001926, 'total_brain_s': 2.268263099998876}
[MOCK ROBOT] LOOK LEFT target=PERSON distance=NEAR confidence=n/a
B2 run=0 t=7 P='{\n  "person_visible": true,\n  "person_count": 1,\n  "person_direction": "LEFT",\n  "person_distance": "NEAR",\n  "blocking_obstacle": "NONE"\n}' D=A time={'perception_wall_s': 2.2785724000004848, 'state_update_s': 1.4299999747890979e-05, 'planner_wall_s': 0.07365000000027067, 'total_brain_s': 2.3522988999993686}
[MOCK ROBOT] LOOK LEFT target=PERSON distance=NEAR confidence=n/a
B2 run=0 t=8 P='{\n  "person_visible": true,\n  "person_count": 1,\n  "person_direction": "LEFT",\n  "person_distance": "NEAR",\n  "blocking_obstacle": "LEFT"\n}' D=A time={'perception_wall_s': 2.236870299999282, 'state_update_s': 1.4100000043981709e-05, 'planner_wall_s': 0.07451659999969706, 'total_brain_s': 2.3114683000003424}
[MOCK ROBOT] SEARCH RIGHT target=PERSON distance=UNKNOWN confidence=n/a
B2 run=0 t=9 P='{\n  "person_visible": false,\n  "person_count": 0,\n  "person_direction": "UNKNOWN",\n  "person_distance": "UNKNOWN",\n  "blocking_obstacle": "UNKNOWN"\n}' D=G time={'perception_wall_s': 2.1841850000000704, 'state_update_s': 1.2999998943996616e-05, 'planner_wall_s': 0.07560929999999644, 'total_brain_s': 2.2598709000012605}
[MOCK ROBOT] SEARCH LEFT target=PERSON distance=UNKNOWN confidence=n/a
B2 run=0 t=9.5 P='{\n  "person_visible": false,\n  "person_count": 0,\n  "person_direction": "UNKNOWN",\n  "person_distance": "UNKNOWN",\n  "blocking_obstacle": "NONE"\n}' D=E time={'perception_wall_s': 2.1716646000004403, 'state_update_s': 1.3799999578623101e-05, 'planner_wall_s': 0.07501009999941743, 'total_brain_s': 2.2467503000007127}
[MOCK ROBOT] AVOID_RIGHT RIGHT target=OBSTACLE distance=UNKNOWN confidence=n/a
B2 run=0 t=10 P='{\n  "person_visible": false,\n  "person_count": 0,\n  "person_direction": "UNKNOWN",\n  "person_distance": "UNKNOWN",\n  "blocking_obstacle": "NONE"\n}' D=I time={'perception_wall_s': 2.1988701000009314, 'state_update_s': 1.1800000720540993e-05, 'planner_wall_s': 0.0731061000005866, 'total_brain_s': 2.272050199999285}
[MOCK ROBOT] AVOID_RIGHT RIGHT target=OBSTACLE distance=UNKNOWN confidence=n/a
B2 run=0 t=10.25 P='{\n  "person_visible": false,\n  "person_count": 0,\n  "person_direction": "UNKNOWN",\n  "person_distance": "UNKNOWN",\n  "blocking_obstacle": "NONE"\n}' D=I time={'perception_wall_s': 2.1415861999994377, 'state_update_s': 1.2500000593718141e-05, 'planner_wall_s': 0.07257200000094599, 'total_brain_s': 2.2142509000004793}
[MOCK ROBOT] FOUND LEFT target=PERSON distance=NEAR confidence=n/a
B2 run=0 t=12 P='{\n  "person_visible": true,\n  "person_count": 1,\n  "person_direction": "LEFT",\n  "person_distance": "NEAR",\n  "blocking_obstacle": "LEFT"\n}' D=J time={'perception_wall_s': 2.195185599999604, 'state_update_s': 1.2500000593718141e-05, 'planner_wall_s': 0.07484019999901648, 'total_brain_s': 2.2701022000001103}
[MOCK ROBOT] LOOK CENTER target=PERSON distance=NEAR confidence=n/a
B2 run=0 t=13 P='{\n  "person_visible": true,\n  "person_count": 1,\n  "person_direction": "CENTER",\n  "person_distance": "NEAR",\n  "blocking_obstacle": "NONE"\n}' D=B time={'perception_wall_s': 2.240343400000711, 'state_update_s': 1.2299999070819467e-05, 'planner_wall_s': 0.07276839999940421, 'total_brain_s': 2.313197700001183}
[MOCK ROBOT] LOOK CENTER target=PERSON distance=NEAR confidence=n/a
B2 run=1 t=3 P='{\n  "person_visible": true,\n  "person_count": 1,\n  "person_direction": "CENTER",\n  "person_distance": "NEAR",\n  "blocking_obstacle": "NONE"\n}' D=B time={'perception_wall_s': 2.3304171999989194, 'state_update_s': 1.0800000382005237e-05, 'planner_wall_s': 0.07201039999927161, 'total_brain_s': 2.402489100000821}
[MOCK ROBOT] LOOK LEFT target=PERSON distance=NEAR confidence=n/a
B2 run=1 t=7 P='{\n  "person_visible": true,\n  "person_count": 1,\n  "person_direction": "LEFT",\n  "person_distance": "NEAR",\n  "blocking_obstacle": "NONE"\n}' D=A time={'perception_wall_s': 2.36879510000108, 'state_update_s': 1.5999999959603883e-05, 'planner_wall_s': 0.07535170000119251, 'total_brain_s': 2.4442548000006354}
[MOCK ROBOT] LOOK LEFT target=PERSON distance=NEAR confidence=n/a
B2 run=1 t=8 P='{\n  "person_visible": true,\n  "person_count": 1,\n  "person_direction": "LEFT",\n  "person_distance": "NEAR",\n  "blocking_obstacle": "LEFT"\n}' D=A time={'perception_wall_s': 2.3178791999998793, 'state_update_s': 1.3500000932253897e-05, 'planner_wall_s': 0.07266769999841927, 'total_brain_s': 2.3906201000008878}
[MOCK ROBOT] SEARCH RIGHT target=PERSON distance=UNKNOWN confidence=n/a
B2 run=1 t=9 P='{\n  "person_visible": false,\n  "person_count": 0,\n  "person_direction": "UNKNOWN",\n  "person_distance": "UNKNOWN",\n  "blocking_obstacle": "UNKNOWN"\n}' D=G time={'perception_wall_s': 2.2515572999982396, 'state_update_s': 1.2099999366910197e-05, 'planner_wall_s': 0.0735528000004706, 'total_brain_s': 2.325196400001005}
[MOCK ROBOT] SEARCH LEFT target=PERSON distance=UNKNOWN confidence=n/a
B2 run=1 t=9.5 P='{\n  "person_visible": false,\n  "person_count": 0,\n  "person_direction": "UNKNOWN",\n  "person_distance": "UNKNOWN",\n  "blocking_obstacle": "NONE"\n}' D=E time={'perception_wall_s': 2.3430812999995396, 'state_update_s': 1.300000076298602e-05, 'planner_wall_s': 0.07447229999888805, 'total_brain_s': 2.4176291999992827}
[MOCK ROBOT] AVOID_RIGHT RIGHT target=OBSTACLE distance=UNKNOWN confidence=n/a
B2 run=1 t=10 P='{\n  "person_visible": false,\n  "person_count": 0,\n  "person_direction": "UNKNOWN",\n  "person_distance": "UNKNOWN",\n  "blocking_obstacle": "NONE"\n}' D=I time={'perception_wall_s': 2.2492867000000842, 'state_update_s': 1.3299999409355223e-05, 'planner_wall_s': 0.07320269999945594, 'total_brain_s': 2.32257220000065}
[MOCK ROBOT] AVOID_RIGHT RIGHT target=OBSTACLE distance=UNKNOWN confidence=n/a
B2 run=1 t=10.25 P='{\n  "person_visible": false,\n  "person_count": 0,\n  "person_direction": "UNKNOWN",\n  "person_distance": "UNKNOWN",\n  "blocking_obstacle": "NONE"\n}' D=I time={'perception_wall_s': 2.245817299999544, 'state_update_s': 1.4199998986441642e-05, 'planner_wall_s': 0.07590940000045521, 'total_brain_s': 2.321819400000095}
[MOCK ROBOT] FOUND LEFT target=PERSON distance=NEAR confidence=n/a
B2 run=1 t=12 P='{\n  "person_visible": true,\n  "person_count": 1,\n  "person_direction": "LEFT",\n  "person_distance": "NEAR",\n  "blocking_obstacle": "LEFT"\n}' D=J time={'perception_wall_s': 2.3212389000000258, 'state_update_s': 1.4100000043981709e-05, 'planner_wall_s': 0.0739017000014428, 'total_brain_s': 2.3952186000005895}
[MOCK ROBOT] LOOK CENTER target=PERSON distance=NEAR confidence=n/a
B2 run=1 t=13 P='{\n  "person_visible": true,\n  "person_count": 1,\n  "person_direction": "CENTER",\n  "person_distance": "NEAR",\n  "blocking_obstacle": "NONE"\n}' D=B time={'perception_wall_s': 2.2762662999994063, 'state_update_s': 1.2399999832268804e-05, 'planner_wall_s': 0.07423259999995935, 'total_brain_s': 2.350571900000432}
[MOCK ROBOT] LOOK CENTER target=PERSON distance=NEAR confidence=n/a
B2 run=2 t=3 P='{\n  "person_visible": true,\n  "person_count": 1,\n  "person_direction": "CENTER",\n  "person_distance": "NEAR",\n  "blocking_obstacle": "NONE"\n}' D=B time={'perception_wall_s': 2.2908791999998357, 'state_update_s': 1.0199999451288022e-05, 'planner_wall_s': 0.07196849999854749, 'total_brain_s': 2.362913099999787}
[MOCK ROBOT] LOOK LEFT target=PERSON distance=NEAR confidence=n/a
B2 run=2 t=7 P='{\n  "person_visible": true,\n  "person_count": 1,\n  "person_direction": "LEFT",\n  "person_distance": "NEAR",\n  "blocking_obstacle": "NONE"\n}' D=A time={'perception_wall_s': 2.3606834999991406, 'state_update_s': 1.199999860546086e-05, 'planner_wall_s': 0.07686069999908796, 'total_brain_s': 2.4376256999985344}
[MOCK ROBOT] LOOK LEFT target=PERSON distance=NEAR confidence=n/a
B2 run=2 t=8 P='{\n  "person_visible": true,\n  "person_count": 1,\n  "person_direction": "LEFT",\n  "person_distance": "NEAR",\n  "blocking_obstacle": "LEFT"\n}' D=A time={'perception_wall_s': 2.3292750000000524, 'state_update_s': 1.2600001355167478e-05, 'planner_wall_s': 0.0758008000011614, 'total_brain_s': 2.40515140000025}
[MOCK ROBOT] SEARCH RIGHT target=PERSON distance=UNKNOWN confidence=n/a
B2 run=2 t=9 P='{\n  "person_visible": false,\n  "person_count": 0,\n  "person_direction": "UNKNOWN",\n  "person_distance": "UNKNOWN",\n  "blocking_obstacle": "UNKNOWN"\n}' D=G time={'perception_wall_s': 2.2022450999993453, 'state_update_s': 1.469999915570952e-05, 'planner_wall_s': 0.07277179999982764, 'total_brain_s': 2.2751109000000724}
[MOCK ROBOT] SEARCH LEFT target=PERSON distance=UNKNOWN confidence=n/a
B2 run=2 t=9.5 P='{\n  "person_visible": false,\n  "person_count": 0,\n  "person_direction": "UNKNOWN",\n  "person_distance": "UNKNOWN",\n  "blocking_obstacle": "NONE"\n}' D=E time={'perception_wall_s': 2.270373599998493, 'state_update_s': 2.9400000130408444e-05, 'planner_wall_s': 0.073136599999998, 'total_brain_s': 2.3436032999998133}
[MOCK ROBOT] AVOID_RIGHT RIGHT target=OBSTACLE distance=UNKNOWN confidence=n/a
B2 run=2 t=10 P='{\n  "person_visible": false,\n  "person_count": 0,\n  "person_direction": "UNKNOWN",\n  "person_distance": "UNKNOWN",\n  "blocking_obstacle": "NONE"\n}' D=I time={'perception_wall_s': 2.192881999999372, 'state_update_s': 1.3100001524435356e-05, 'planner_wall_s': 0.07353669999974954, 'total_brain_s': 2.266517500000191}
[MOCK ROBOT] AVOID_RIGHT RIGHT target=OBSTACLE distance=UNKNOWN confidence=n/a
B2 run=2 t=10.25 P='{\n  "person_visible": false,\n  "person_count": 0,\n  "person_direction": "UNKNOWN",\n  "person_distance": "UNKNOWN",\n  "blocking_obstacle": "NONE"\n}' D=I time={'perception_wall_s': 2.2687005999996472, 'state_update_s': 1.3600001693703234e-05, 'planner_wall_s': 0.0723297000004095, 'total_brain_s': 2.3411243000009563}
[MOCK ROBOT] FOUND LEFT target=PERSON distance=NEAR confidence=n/a
B2 run=2 t=12 P='{\n  "person_visible": true,\n  "person_count": 1,\n  "person_direction": "LEFT",\n  "person_distance": "NEAR",\n  "blocking_obstacle": "LEFT"\n}' D=J time={'perception_wall_s': 2.2531923999995342, 'state_update_s': 1.320000046689529e-05, 'planner_wall_s': 0.0747109999992972, 'total_brain_s': 2.3279831999989256}
[MOCK ROBOT] LOOK CENTER target=PERSON distance=NEAR confidence=n/a
B2 run=2 t=13 P='{\n  "person_visible": true,\n  "person_count": 1,\n  "person_direction": "CENTER",\n  "person_distance": "NEAR",\n  "blocking_obstacle": "NONE"\n}' D=B time={'perception_wall_s': 2.2643781999995554, 'state_update_s': 1.2800001059076749e-05, 'planner_wall_s': 0.07242769999902521, 'total_brain_s': 2.3368832000014663}
[MOCK ROBOT] LOOK LEFT target=PERSON distance=NEAR confidence=n/a
B2 run=3 t=8 P='{\n  "person_visible": true,\n  "person_count": 1,\n  "person_direction": "LEFT",\n  "person_distance": "NEAR",\n  "blocking_obstacle": "LEFT"\n}' D=A time={'perception_wall_s': 2.230436000001646, 'state_update_s': 1.089999932446517e-05, 'planner_wall_s': 0.07407129999955941, 'total_brain_s': 2.304573099998379}
[MOCK ROBOT] SEARCH RIGHT target=PERSON distance=UNKNOWN confidence=n/a
B2 run=3 t=10 P='{\n  "person_visible": false,\n  "person_count": 0,\n  "person_direction": "UNKNOWN",\n  "person_distance": "UNKNOWN",\n  "blocking_obstacle": "NONE"\n}' D=G time={'perception_wall_s': 2.2012133999996877, 'state_update_s': 1.2700000297627412e-05, 'planner_wall_s': 0.07387050000033923, 'total_brain_s': 2.2751594000001205}
[MOCK ROBOT] FOUND LEFT target=PERSON distance=NEAR confidence=n/a
B2 run=3 t=12 P='{\n  "person_visible": true,\n  "person_count": 1,\n  "person_direction": "LEFT",\n  "person_distance": "NEAR",\n  "blocking_obstacle": "LEFT"\n}' D=J time={'perception_wall_s': 2.352977099999407, 'state_update_s': 1.3199998647905886e-05, 'planner_wall_s': 0.07268400000066322, 'total_brain_s': 2.4257510999996157}
