Collecting ultralytics==8.4.146
  Downloading ultralytics-8.4.146-py3-none-any.whl.metadata (46 kB)
Collecting cloudpickle>=3.1.1 (from ultralytics==8.4.146)
  Using cached cloudpickle-3.1.2-py3-none-any.whl.metadata (7.1 kB)
Requirement already satisfied: filelock>=3.16.1 in .\.venv\Lib\site-packages (from ultralytics==8.4.146) (4.0.8)
Requirement already satisfied: numpy>=1.23.0 in .\.venv\Lib\site-packages (from ultralytics==8.4.146) (2.2.6)
Collecting matplotlib>=3.3.0 (from ultralytics==8.4.146)
  Downloading matplotlib-3.11.2-cp313-cp313-win_amd64.whl.metadata (80 kB)
Requirement already satisfied: opencv-python!=4.13.0.90,>=4.7.0 in .\.venv\Lib\site-packages (from ultralytics==8.4.146) (4.13.0.92)
Requirement already satisfied: pillow>=7.1.2 in .\.venv\Lib\site-packages (from ultralytics==8.4.146) (12.1.0)
Requirement already satisfied: pyyaml>=5.3.1 in .\.venv\Lib\site-packages (from ultralytics==8.4.146) (6.0.3)
Requirement already satisfied: requests>=2.23.0 in .\.venv\Lib\site-packages (from ultralytics==8.4.146) (2.34.2)
Requirement already satisfied: torch>=1.8.0 in .\.venv\Lib\site-packages (from ultralytics==8.4.146) (2.9.1+cu128)
Requirement already satisfied: torchvision>=0.9.0 in .\.venv\Lib\site-packages (from ultralytics==8.4.146) (0.24.1+cu128)
Requirement already satisfied: psutil>=5.8.0 in .\.venv\Lib\site-packages (from ultralytics==8.4.146) (7.2.2)
Collecting polars>=0.20.0 (from ultralytics==8.4.146)
  Downloading polars-1.44.2-py3-none-any.whl.metadata (11 kB)
Collecting nvidia-ml-py>=12.0.0 (from ultralytics==8.4.146)
  Downloading nvidia_ml_py-13.615.71-py3-none-any.whl.metadata (9.7 kB)
Collecting ultralytics-thop>=2.1.6 (from ultralytics==8.4.146)
  Downloading ultralytics_thop-2.2.2-py3-none-any.whl.metadata (14 kB)
Collecting ultralytics-platform>=0.1.32 (from ultralytics==8.4.146)
  Downloading ultralytics_platform-0.1.75-py3-none-any.whl.metadata (16 kB)
Collecting contourpy>=1.0.1 (from matplotlib>=3.3.0->ultralytics==8.4.146)
  Downloading contourpy-1.4.0-cp313-cp313-win_amd64.whl.metadata (3.8 kB)
Collecting cycler>=0.10 (from matplotlib>=3.3.0->ultralytics==8.4.146)
  Using cached cycler-0.12.1-py3-none-any.whl.metadata (3.8 kB)
Collecting fonttools>=4.28.2 (from matplotlib>=3.3.0->ultralytics==8.4.146)
  Downloading fonttools-4.66.1-cp313-cp313-win_amd64.whl.metadata (132 kB)
Collecting kiwisolver>=1.3.1 (from matplotlib>=3.3.0->ultralytics==8.4.146)
  Using cached kiwisolver-1.5.1-cp313-cp313-win_amd64.whl.metadata (5.2 kB)
Requirement already satisfied: packaging>=20.0 in .\.venv\Lib\site-packages (from matplotlib>=3.3.0->ultralytics==8.4.146) (26.3)
Collecting pyparsing>=3 (from matplotlib>=3.3.0->ultralytics==8.4.146)
  Downloading pyparsing-3.3.3-py3-none-any.whl.metadata (5.9 kB)
Collecting python-dateutil>=2.7 (from matplotlib>=3.3.0->ultralytics==8.4.146)
  Using cached python_dateutil-2.9.0.post0-py2.py3-none-any.whl.metadata (8.4 kB)
Collecting polars-runtime-32==1.44.2 (from polars>=0.20.0->ultralytics==8.4.146)
  Downloading polars_runtime_32-1.44.2-cp310-abi3-win_amd64.whl.metadata (1.5 kB)
Collecting six>=1.5 (from python-dateutil>=2.7->matplotlib>=3.3.0->ultralytics==8.4.146)
  Using cached six-1.17.0-py2.py3-none-any.whl.metadata (1.7 kB)
Requirement already satisfied: charset_normalizer<4,>=2 in .\.venv\Lib\site-packages (from requests>=2.23.0->ultralytics==8.4.146) (3.5.2)
Requirement already satisfied: idna<4,>=2.5 in .\.venv\Lib\site-packages (from requests>=2.23.0->ultralytics==8.4.146) (3.20)
Requirement already satisfied: urllib3<3,>=1.26 in .\.venv\Lib\site-packages (from requests>=2.23.0->ultralytics==8.4.146) (2.8.0)
Requirement already satisfied: certifi>=2023.5.7 in .\.venv\Lib\site-packages (from requests>=2.23.0->ultralytics==8.4.146) (2026.7.22)
Requirement already satisfied: typing-extensions>=4.10.0 in .\.venv\Lib\site-packages (from torch>=1.8.0->ultralytics==8.4.146) (4.16.0)
Requirement already satisfied: sympy>=1.13.3 in .\.venv\Lib\site-packages (from torch>=1.8.0->ultralytics==8.4.146) (1.14.0)
Requirement already satisfied: networkx>=2.5.1 in .\.venv\Lib\site-packages (from torch>=1.8.0->ultralytics==8.4.146) (3.7)
Requirement already satisfied: jinja2 in .\.venv\Lib\site-packages (from torch>=1.8.0->ultralytics==8.4.146) (3.1.6)
Requirement already satisfied: fsspec>=0.8.5 in .\.venv\Lib\site-packages (from torch>=1.8.0->ultralytics==8.4.146) (2026.9.0)
Requirement already satisfied: setuptools in .\.venv\Lib\site-packages (from torch>=1.8.0->ultralytics==8.4.146) (84.0.0)
Requirement already satisfied: mpmath<1.4,>=1.1.0 in .\.venv\Lib\site-packages (from sympy>=1.13.3->torch>=1.8.0->ultralytics==8.4.146) (1.3.0)
Collecting httpx<1,>=0.28 (from ultralytics-platform>=0.1.32->ultralytics==8.4.146)
  Using cached httpx-0.28.1-py3-none-any.whl.metadata (7.1 kB)
Collecting anyio (from httpx<1,>=0.28->ultralytics-platform>=0.1.32->ultralytics==8.4.146)
  Using cached anyio-4.15.1-py3-none-any.whl.metadata (4.7 kB)
Collecting httpcore==1.* (from httpx<1,>=0.28->ultralytics-platform>=0.1.32->ultralytics==8.4.146)
  Using cached httpcore-1.0.9-py3-none-any.whl.metadata (21 kB)
Collecting h11>=0.16 (from httpcore==1.*->httpx<1,>=0.28->ultralytics-platform>=0.1.32->ultralytics==8.4.146)
  Using cached h11-0.16.0-py3-none-any.whl.metadata (8.3 kB)
Requirement already satisfied: MarkupSafe>=2.0 in .\.venv\Lib\site-packages (from jinja2->torch>=1.8.0->ultralytics==8.4.146) (3.0.3)
Downloading ultralytics-8.4.146-py3-none-any.whl (1.4 MB)
   ---------------------------------------- 1.4/1.4 MB 9.6 MB/s  0:00:00
Using cached cloudpickle-3.1.2-py3-none-any.whl (22 kB)
Downloading matplotlib-3.11.2-cp313-cp313-win_amd64.whl (9.3 MB)
   ---------------------------------------- 9.3/9.3 MB 10.3 MB/s  0:00:00
Downloading contourpy-1.4.0-cp313-cp313-win_amd64.whl (234 kB)
Using cached cycler-0.12.1-py3-none-any.whl (8.3 kB)
Downloading fonttools-4.66.1-cp313-cp313-win_amd64.whl (2.5 MB)
   ---------------------------------------- 2.5/2.5 MB 10.7 MB/s  0:00:00
Using cached kiwisolver-1.5.1-cp313-cp313-win_amd64.whl (70 kB)
Downloading nvidia_ml_py-13.615.71-py3-none-any.whl (58 kB)
Downloading polars-1.44.2-py3-none-any.whl (865 kB)
   ---------------------------------------- 865.8/865.8 kB 8.8 MB/s  0:00:00
Downloading polars_runtime_32-1.44.2-cp310-abi3-win_amd64.whl (51.3 MB)
   ---------------------------------------- 51.3/51.3 MB 11.2 MB/s  0:00:04
Downloading pyparsing-3.3.3-py3-none-any.whl (126 kB)
Using cached python_dateutil-2.9.0.post0-py2.py3-none-any.whl (229 kB)
Using cached six-1.17.0-py2.py3-none-any.whl (11 kB)
Downloading ultralytics_platform-0.1.75-py3-none-any.whl (95 kB)
Using cached httpx-0.28.1-py3-none-any.whl (73 kB)
Using cached httpcore-1.0.9-py3-none-any.whl (78 kB)
Using cached h11-0.16.0-py3-none-any.whl (37 kB)
Downloading ultralytics_thop-2.2.2-py3-none-any.whl (32 kB)
Using cached anyio-4.15.1-py3-none-any.whl (132 kB)
Installing collected packages: nvidia-ml-py, six, pyparsing, polars-runtime-32, kiwisolver, h11, fonttools, cycler, contourpy, cloudpickle, anyio, python-dateutil, polars, httpcore, ultralytics-thop, matplotlib, httpx, ultralytics-platform, ultralytics

Successfully installed anyio-4.15.1 cloudpickle-3.1.2 contourpy-1.4.0 cycler-0.12.1 fonttools-4.66.1 h11-0.16.0 httpcore-1.0.9 httpx-0.28.1 kiwisolver-1.5.1 matplotlib-3.11.2 nvidia-ml-py-13.615.71 polars-1.44.2 polars-runtime-32-1.44.2 pyparsing-3.3.3 python-dateutil-2.9.0.post0 six-1.17.0 ultralytics-8.4.146 ultralytics-platform-0.1.75 ultralytics-thop-2.2.2
