WARNING 'half' is deprecated and will be removed in the future. Use 'quantize' instead.
WARNING 'half' is deprecated and will be removed in the future. Use 'quantize' instead.
WARNING 'half' is deprecated and will be removed in the future. Use 'quantize' instead.
WARNING 'half' is deprecated and will be removed in the future. Use 'quantize' instead.
yolo 3 {'person_visible': True, 'person_count': 1, 'person_direction': 'CENTER', 'person_distance': 'UNKNOWN', 'blocking_obstacle': 'UNKNOWN'} 0.04305989999920712
WARNING 'half' is deprecated and will be removed in the future. Use 'quantize' instead.
yolo 7 {'person_visible': True, 'person_count': 1, 'person_direction': 'LEFT', 'person_distance': 'UNKNOWN', 'blocking_obstacle': 'UNKNOWN'} 0.013140600000042468
WARNING 'half' is deprecated and will be removed in the future. Use 'quantize' instead.
yolo 8 {'person_visible': True, 'person_count': 1, 'person_direction': 'LEFT', 'person_distance': 'UNKNOWN', 'blocking_obstacle': 'UNKNOWN'} 0.012373699999443488
WARNING 'half' is deprecated and will be removed in the future. Use 'quantize' instead.
yolo 9 {'person_visible': False, 'person_count': 0, 'person_direction': 'UNKNOWN', 'person_distance': 'UNKNOWN', 'blocking_obstacle': 'UNKNOWN'} 0.012137800000346033
WARNING 'half' is deprecated and will be removed in the future. Use 'quantize' instead.
yolo 9.5 {'person_visible': False, 'person_count': 0, 'person_direction': 'UNKNOWN', 'person_distance': 'UNKNOWN', 'blocking_obstacle': 'UNKNOWN'} 0.012231699998665135
WARNING 'half' is deprecated and will be removed in the future. Use 'quantize' instead.
yolo 10 {'person_visible': False, 'person_count': 0, 'person_direction': 'UNKNOWN', 'person_distance': 'UNKNOWN', 'blocking_obstacle': 'UNKNOWN'} 0.011883300001500174
WARNING 'half' is deprecated and will be removed in the future. Use 'quantize' instead.
yolo 10.25 {'person_visible': False, 'person_count': 0, 'person_direction': 'UNKNOWN', 'person_distance': 'UNKNOWN', 'blocking_obstacle': 'UNKNOWN'} 0.01214809999873978
WARNING 'half' is deprecated and will be removed in the future. Use 'quantize' instead.
yolo 12 {'person_visible': True, 'person_count': 1, 'person_direction': 'LEFT', 'person_distance': 'UNKNOWN', 'blocking_obstacle': 'UNKNOWN'} 0.012410499999532476
WARNING 'half' is deprecated and will be removed in the future. Use 'quantize' instead.
yolo 13 {'person_visible': True, 'person_count': 1, 'person_direction': 'LEFT', 'person_distance': 'UNKNOWN', 'blocking_obstacle': 'UNKNOWN'} 0.012439400001312606
WARNING 'half' is deprecated and will be removed in the future. Use 'quantize' instead.
yolo 3 {'person_visible': True, 'person_count': 1, 'person_direction': 'CENTER', 'person_distance': 'UNKNOWN', 'blocking_obstacle': 'UNKNOWN'} 0.012730899998132372
WARNING 'half' is deprecated and will be removed in the future. Use 'quantize' instead.
yolo 7 {'person_visible': True, 'person_count': 1, 'person_direction': 'LEFT', 'person_distance': 'UNKNOWN', 'blocking_obstacle': 'UNKNOWN'} 0.012757399999827612
WARNING 'half' is deprecated and will be removed in the future. Use 'quantize' instead.
yolo 8 {'person_visible': True, 'person_count': 1, 'person_direction': 'LEFT', 'person_distance': 'UNKNOWN', 'blocking_obstacle': 'UNKNOWN'} 0.012342599999101367
WARNING 'half' is deprecated and will be removed in the future. Use 'quantize' instead.
yolo 9 {'person_visible': False, 'person_count': 0, 'person_direction': 'UNKNOWN', 'person_distance': 'UNKNOWN', 'blocking_obstacle': 'UNKNOWN'} 0.012116599998989841
WARNING 'half' is deprecated and will be removed in the future. Use 'quantize' instead.
yolo 9.5 {'person_visible': False, 'person_count': 0, 'person_direction': 'UNKNOWN', 'person_distance': 'UNKNOWN', 'blocking_obstacle': 'UNKNOWN'} 0.01220130000001518
WARNING 'half' is deprecated and will be removed in the future. Use 'quantize' instead.
yolo 10 {'person_visible': False, 'person_count': 0, 'person_direction': 'UNKNOWN', 'person_distance': 'UNKNOWN', 'blocking_obstacle': 'UNKNOWN'} 0.011465200001111953
WARNING 'half' is deprecated and will be removed in the future. Use 'quantize' instead.
yolo 10.25 {'person_visible': False, 'person_count': 0, 'person_direction': 'UNKNOWN', 'person_distance': 'UNKNOWN', 'blocking_obstacle': 'UNKNOWN'} 0.012345900002401322
WARNING 'half' is deprecated and will be removed in the future. Use 'quantize' instead.
yolo 12 {'person_visible': True, 'person_count': 1, 'person_direction': 'LEFT', 'person_distance': 'UNKNOWN', 'blocking_obstacle': 'UNKNOWN'} 0.012312099999689963
WARNING 'half' is deprecated and will be removed in the future. Use 'quantize' instead.
yolo 13 {'person_visible': True, 'person_count': 1, 'person_direction': 'LEFT', 'person_distance': 'UNKNOWN', 'blocking_obstacle': 'UNKNOWN'} 0.012309500001720153
WARNING 'half' is deprecated and will be removed in the future. Use 'quantize' instead.
yolo 3 {'person_visible': True, 'person_count': 1, 'person_direction': 'CENTER', 'person_distance': 'UNKNOWN', 'blocking_obstacle': 'UNKNOWN'} 0.01295120000213501
WARNING 'half' is deprecated and will be removed in the future. Use 'quantize' instead.
yolo 7 {'person_visible': True, 'person_count': 1, 'person_direction': 'LEFT', 'person_distance': 'UNKNOWN', 'blocking_obstacle': 'UNKNOWN'} 0.01284269999814569
WARNING 'half' is deprecated and will be removed in the future. Use 'quantize' instead.
yolo 8 {'person_visible': True, 'person_count': 1, 'person_direction': 'LEFT', 'person_distance': 'UNKNOWN', 'blocking_obstacle': 'UNKNOWN'} 0.012420700000802753
WARNING 'half' is deprecated and will be removed in the future. Use 'quantize' instead.
yolo 9 {'person_visible': False, 'person_count': 0, 'person_direction': 'UNKNOWN', 'person_distance': 'UNKNOWN', 'blocking_obstacle': 'UNKNOWN'} 0.012442500003089663
WARNING 'half' is deprecated and will be removed in the future. Use 'quantize' instead.
yolo 9.5 {'person_visible': False, 'person_count': 0, 'person_direction': 'UNKNOWN', 'person_distance': 'UNKNOWN', 'blocking_obstacle': 'UNKNOWN'} 0.011671200001728721
WARNING 'half' is deprecated and will be removed in the future. Use 'quantize' instead.
yolo 10 {'person_visible': False, 'person_count': 0, 'person_direction': 'UNKNOWN', 'person_distance': 'UNKNOWN', 'blocking_obstacle': 'UNKNOWN'} 0.012581199996930081
WARNING 'half' is deprecated and will be removed in the future. Use 'quantize' instead.
yolo 10.25 {'person_visible': False, 'person_count': 0, 'person_direction': 'UNKNOWN', 'person_distance': 'UNKNOWN', 'blocking_obstacle': 'UNKNOWN'} 0.011894700000993907
WARNING 'half' is deprecated and will be removed in the future. Use 'quantize' instead.
yolo 12 {'person_visible': True, 'person_count': 1, 'person_direction': 'LEFT', 'person_distance': 'UNKNOWN', 'blocking_obstacle': 'UNKNOWN'} 0.021749200001067948
WARNING 'half' is deprecated and will be removed in the future. Use 'quantize' instead.
yolo 13 {'person_visible': True, 'person_count': 1, 'person_direction': 'LEFT', 'person_distance': 'UNKNOWN', 'blocking_obstacle': 'UNKNOWN'} 0.012593899999046698
WARNING 'half' is deprecated and will be removed in the future. Use 'quantize' instead.
yolo 8 {'person_visible': True, 'person_count': 1, 'person_direction': 'LEFT', 'person_distance': 'UNKNOWN', 'blocking_obstacle': 'UNKNOWN'} 0.012582699997437885
WARNING 'half' is deprecated and will be removed in the future. Use 'quantize' instead.
yolo 10 {'person_visible': False, 'person_count': 0, 'person_direction': 'UNKNOWN', 'person_distance': 'UNKNOWN', 'blocking_obstacle': 'UNKNOWN'} 0.011861099999805447
WARNING 'half' is deprecated and will be removed in the future. Use 'quantize' instead.
yolo 12 {'person_visible': True, 'person_count': 1, 'person_direction': 'LEFT', 'person_distance': 'UNKNOWN', 'blocking_obstacle': 'UNKNOWN'} 0.012563099997350946
