[MOCK ROBOT] FOUND CENTER target=PERSON distance=UNKNOWN confidence=n/a
[MOCK ROBOT] LOOK LEFT target=PERSON distance=UNKNOWN confidence=n/a
[MOCK ROBOT] LOOK LEFT target=PERSON distance=UNKNOWN confidence=n/a
[MOCK ROBOT] SEARCH RIGHT target=PERSON distance=UNKNOWN confidence=n/a
[MOCK ROBOT] SURPRISE UNKNOWN target=NONE distance=UNKNOWN confidence=n/a
[MOCK ROBOT] SURPRISE UNKNOWN target=NONE distance=UNKNOWN confidence=n/a
[MOCK ROBOT] SURPRISE UNKNOWN target=NONE distance=UNKNOWN confidence=n/a
[MOCK ROBOT] FOUND CENTER target=PERSON distance=UNKNOWN confidence=n/a
[MOCK ROBOT] LOOK RIGHT target=PERSON distance=UNKNOWN confidence=n/a
[MOCK ROBOT] FOUND CENTER target=PERSON distance=UNKNOWN confidence=n/a
[MOCK ROBOT] LOOK LEFT target=PERSON distance=UNKNOWN confidence=n/a
[MOCK ROBOT] LOOK LEFT target=PERSON distance=UNKNOWN confidence=n/a
[MOCK ROBOT] SEARCH RIGHT target=PERSON distance=UNKNOWN confidence=n/a
[MOCK ROBOT] SURPRISE UNKNOWN target=NONE distance=UNKNOWN confidence=n/a
[MOCK ROBOT] SURPRISE UNKNOWN target=NONE distance=UNKNOWN confidence=n/a
[MOCK ROBOT] SURPRISE UNKNOWN target=NONE distance=UNKNOWN confidence=n/a
[MOCK ROBOT] FOUND CENTER target=PERSON distance=UNKNOWN confidence=n/a
[MOCK ROBOT] LOOK RIGHT target=PERSON distance=UNKNOWN confidence=n/a
[MOCK ROBOT] LOOK LEFT target=PERSON distance=UNKNOWN confidence=n/a
[MOCK ROBOT] SEARCH RIGHT target=PERSON distance=UNKNOWN confidence=n/a
[MOCK ROBOT] FOUND CENTER target=PERSON distance=UNKNOWN confidence=n/a
[MOCK ROBOT] FOUND CENTER target=PERSON distance=UNKNOWN confidence=n/a
[MOCK ROBOT] LOOK LEFT target=PERSON distance=UNKNOWN confidence=n/a
[MOCK ROBOT] LOOK LEFT target=PERSON distance=UNKNOWN confidence=n/a
[MOCK ROBOT] SEARCH RIGHT target=PERSON distance=UNKNOWN confidence=n/a
[MOCK ROBOT] SURPRISE UNKNOWN target=NONE distance=UNKNOWN confidence=n/a
[MOCK ROBOT] SURPRISE UNKNOWN target=NONE distance=UNKNOWN confidence=n/a
[MOCK ROBOT] SURPRISE UNKNOWN target=NONE distance=UNKNOWN confidence=n/a
[MOCK ROBOT] FOUND CENTER target=PERSON distance=UNKNOWN confidence=n/a
[MOCK ROBOT] LOOK RIGHT target=PERSON distance=UNKNOWN confidence=n/a
[MOCK ROBOT] FOUND CENTER target=PERSON distance=UNKNOWN confidence=n/a
[MOCK ROBOT] LOOK LEFT target=PERSON distance=UNKNOWN confidence=n/a
[MOCK ROBOT] LOOK LEFT target=PERSON distance=UNKNOWN confidence=n/a
[MOCK ROBOT] SEARCH RIGHT target=PERSON distance=UNKNOWN confidence=n/a
[MOCK ROBOT] SURPRISE UNKNOWN target=NONE distance=UNKNOWN confidence=n/a
[MOCK ROBOT] SURPRISE UNKNOWN target=NONE distance=UNKNOWN confidence=n/a
[MOCK ROBOT] SURPRISE UNKNOWN target=NONE distance=UNKNOWN confidence=n/a
[MOCK ROBOT] FOUND CENTER target=PERSON distance=UNKNOWN confidence=n/a
[MOCK ROBOT] LOOK RIGHT target=PERSON distance=UNKNOWN confidence=n/a
[MOCK ROBOT] LOOK LEFT target=PERSON distance=UNKNOWN confidence=n/a
[MOCK ROBOT] SEARCH RIGHT target=PERSON distance=UNKNOWN confidence=n/a
[MOCK ROBOT] FOUND CENTER target=PERSON distance=UNKNOWN confidence=n/a
[MOCK ROBOT] FOUND CENTER target=PERSON distance=UNKNOWN confidence=n/a
[MOCK ROBOT] LOOK LEFT target=PERSON distance=UNKNOWN confidence=n/a
[MOCK ROBOT] LOOK LEFT target=PERSON distance=UNKNOWN confidence=n/a
[MOCK ROBOT] SEARCH RIGHT target=PERSON distance=UNKNOWN confidence=n/a
[MOCK ROBOT] SURPRISE UNKNOWN target=NONE distance=UNKNOWN confidence=n/a
[MOCK ROBOT] SURPRISE UNKNOWN target=NONE distance=UNKNOWN confidence=n/a
[MOCK ROBOT] SURPRISE UNKNOWN target=NONE distance=UNKNOWN confidence=n/a
[MOCK ROBOT] FOUND CENTER target=PERSON distance=UNKNOWN confidence=n/a
[MOCK ROBOT] FOUND CENTER target=PERSON distance=UNKNOWN confidence=n/a
[MOCK ROBOT] FOUND CENTER target=PERSON distance=UNKNOWN confidence=n/a
[MOCK ROBOT] LOOK LEFT target=PERSON distance=UNKNOWN confidence=n/a
[MOCK ROBOT] LOOK LEFT target=PERSON distance=UNKNOWN confidence=n/a
[MOCK ROBOT] SEARCH RIGHT target=PERSON distance=UNKNOWN confidence=n/a
[MOCK ROBOT] SURPRISE UNKNOWN target=NONE distance=UNKNOWN confidence=n/a
[MOCK ROBOT] SURPRISE UNKNOWN target=NONE distance=UNKNOWN confidence=n/a
[MOCK ROBOT] SURPRISE UNKNOWN target=NONE distance=UNKNOWN confidence=n/a
[MOCK ROBOT] FOUND CENTER target=PERSON distance=UNKNOWN confidence=n/a
[MOCK ROBOT] FOUND CENTER target=PERSON distance=UNKNOWN confidence=n/a
[MOCK ROBOT] LOOK LEFT target=PERSON distance=UNKNOWN confidence=n/a
[MOCK ROBOT] SEARCH RIGHT target=PERSON distance=UNKNOWN confidence=n/a
[MOCK ROBOT] FOUND CENTER target=PERSON distance=UNKNOWN confidence=n/a
[MOCK ROBOT] FOUND CENTER target=PERSON distance=UNKNOWN confidence=n/a
[MOCK ROBOT] LOOK LEFT target=PERSON distance=UNKNOWN confidence=n/a
[MOCK ROBOT] LOOK LEFT target=PERSON distance=UNKNOWN confidence=n/a
[MOCK ROBOT] SEARCH RIGHT target=PERSON distance=UNKNOWN confidence=n/a
[MOCK ROBOT] SURPRISE UNKNOWN target=NONE distance=UNKNOWN confidence=n/a
[MOCK ROBOT] SURPRISE UNKNOWN target=NONE distance=UNKNOWN confidence=n/a
[MOCK ROBOT] SURPRISE UNKNOWN target=NONE distance=UNKNOWN confidence=n/a
[MOCK ROBOT] FOUND CENTER target=PERSON distance=UNKNOWN confidence=n/a
[MOCK ROBOT] LOOK RIGHT target=PERSON distance=UNKNOWN confidence=n/a
[MOCK ROBOT] FOUND CENTER target=PERSON distance=UNKNOWN confidence=n/a
[MOCK ROBOT] LOOK LEFT target=PERSON distance=UNKNOWN confidence=n/a
[MOCK ROBOT] LOOK LEFT target=PERSON distance=UNKNOWN confidence=n/a
[MOCK ROBOT] SEARCH RIGHT target=PERSON distance=UNKNOWN confidence=n/a
[MOCK ROBOT] SURPRISE UNKNOWN target=NONE distance=UNKNOWN confidence=n/a
[MOCK ROBOT] SURPRISE UNKNOWN target=NONE distance=UNKNOWN confidence=n/a
[MOCK ROBOT] SURPRISE UNKNOWN target=NONE distance=UNKNOWN confidence=n/a
[MOCK ROBOT] FOUND CENTER target=PERSON distance=UNKNOWN confidence=n/a
[MOCK ROBOT] LOOK RIGHT target=PERSON distance=UNKNOWN confidence=n/a
[MOCK ROBOT] LOOK LEFT target=PERSON distance=UNKNOWN confidence=n/a
[MOCK ROBOT] SEARCH RIGHT target=PERSON distance=UNKNOWN confidence=n/a
[MOCK ROBOT] FOUND CENTER target=PERSON distance=UNKNOWN confidence=n/a
[MOCK ROBOT] FOUND CENTER target=PERSON distance=UNKNOWN confidence=n/a
[MOCK ROBOT] LOOK LEFT target=PERSON distance=UNKNOWN confidence=n/a
[MOCK ROBOT] LOOK LEFT target=PERSON distance=UNKNOWN confidence=n/a
[MOCK ROBOT] SEARCH RIGHT target=PERSON distance=UNKNOWN confidence=n/a
[MOCK ROBOT] SURPRISE UNKNOWN target=NONE distance=UNKNOWN confidence=n/a
[MOCK ROBOT] SURPRISE UNKNOWN target=NONE distance=UNKNOWN confidence=n/a
[MOCK ROBOT] SURPRISE UNKNOWN target=NONE distance=UNKNOWN confidence=n/a
[MOCK ROBOT] FOUND CENTER target=PERSON distance=UNKNOWN confidence=n/a
[MOCK ROBOT] LOOK RIGHT target=PERSON distance=UNKNOWN confidence=n/a
[MOCK ROBOT] FOUND CENTER target=PERSON distance=UNKNOWN confidence=n/a
[MOCK ROBOT] LOOK LEFT target=PERSON distance=UNKNOWN confidence=n/a
[MOCK ROBOT] LOOK LEFT target=PERSON distance=UNKNOWN confidence=n/a
[MOCK ROBOT] SEARCH RIGHT target=PERSON distance=UNKNOWN confidence=n/a
[MOCK ROBOT] SURPRISE UNKNOWN target=NONE distance=UNKNOWN confidence=n/a
[MOCK ROBOT] SURPRISE UNKNOWN target=NONE distance=UNKNOWN confidence=n/a
[MOCK ROBOT] SURPRISE UNKNOWN target=NONE distance=UNKNOWN confidence=n/a
[MOCK ROBOT] FOUND CENTER target=PERSON distance=UNKNOWN confidence=n/a
[MOCK ROBOT] LOOK RIGHT target=PERSON distance=UNKNOWN confidence=n/a
[MOCK ROBOT] LOOK LEFT target=PERSON distance=UNKNOWN confidence=n/a
[MOCK ROBOT] SEARCH RIGHT target=PERSON distance=UNKNOWN confidence=n/a
[MOCK ROBOT] FOUND CENTER target=PERSON distance=UNKNOWN confidence=n/a
[MOCK ROBOT] FOUND CENTER target=PERSON distance=UNKNOWN confidence=n/a
[MOCK ROBOT] LOOK LEFT target=PERSON distance=UNKNOWN confidence=n/a
[MOCK ROBOT] LOOK LEFT target=PERSON distance=UNKNOWN confidence=n/a
[MOCK ROBOT] SEARCH RIGHT target=PERSON distance=UNKNOWN confidence=n/a
[MOCK ROBOT] SURPRISE UNKNOWN target=NONE distance=UNKNOWN confidence=n/a
[MOCK ROBOT] SURPRISE UNKNOWN target=NONE distance=UNKNOWN confidence=n/a
[MOCK ROBOT] SURPRISE UNKNOWN target=NONE distance=UNKNOWN confidence=n/a
[MOCK ROBOT] FOUND CENTER target=PERSON distance=UNKNOWN confidence=n/a
[MOCK ROBOT] LOOK RIGHT target=PERSON distance=UNKNOWN confidence=n/a
[MOCK ROBOT] FOUND CENTER target=PERSON distance=UNKNOWN confidence=n/a
[MOCK ROBOT] LOOK LEFT target=PERSON distance=UNKNOWN confidence=n/a
[MOCK ROBOT] LOOK LEFT target=PERSON distance=UNKNOWN confidence=n/a
[MOCK ROBOT] SEARCH RIGHT target=PERSON distance=UNKNOWN confidence=n/a
[MOCK ROBOT] SURPRISE UNKNOWN target=NONE distance=UNKNOWN confidence=n/a
[MOCK ROBOT] SURPRISE UNKNOWN target=NONE distance=UNKNOWN confidence=n/a
[MOCK ROBOT] SURPRISE UNKNOWN target=NONE distance=UNKNOWN confidence=n/a
[MOCK ROBOT] FOUND CENTER target=PERSON distance=UNKNOWN confidence=n/a
[MOCK ROBOT] LOOK RIGHT target=PERSON distance=UNKNOWN confidence=n/a
[MOCK ROBOT] LOOK LEFT target=PERSON distance=UNKNOWN confidence=n/a
[MOCK ROBOT] SEARCH RIGHT target=PERSON distance=UNKNOWN confidence=n/a
[MOCK ROBOT] FOUND CENTER target=PERSON distance=UNKNOWN confidence=n/a
[MOCK ROBOT] LOOK CENTER target=PERSON distance=UNKNOWN confidence=n/a
[MOCK ROBOT] LOOK LEFT target=PERSON distance=UNKNOWN confidence=n/a
[MOCK ROBOT] LOOK LEFT target=PERSON distance=UNKNOWN confidence=n/a
[MOCK ROBOT] SEARCH LEFT target=PERSON distance=UNKNOWN confidence=n/a
[MOCK ROBOT] SEARCH LEFT target=PERSON distance=UNKNOWN confidence=n/a
[MOCK ROBOT] SEARCH LEFT target=PERSON distance=UNKNOWN confidence=n/a
[MOCK ROBOT] SEARCH LEFT target=PERSON distance=UNKNOWN confidence=n/a
[MOCK ROBOT] LOOK LEFT target=PERSON distance=UNKNOWN confidence=n/a
[MOCK ROBOT] LOOK RIGHT target=PERSON distance=UNKNOWN confidence=n/a
[MOCK ROBOT] LOOK CENTER target=PERSON distance=UNKNOWN confidence=n/a
[MOCK ROBOT] LOOK LEFT target=PERSON distance=UNKNOWN confidence=n/a
[MOCK ROBOT] LOOK LEFT target=PERSON distance=UNKNOWN confidence=n/a
[MOCK ROBOT] SEARCH LEFT target=PERSON distance=UNKNOWN confidence=n/a
[MOCK ROBOT] SEARCH LEFT target=PERSON distance=UNKNOWN confidence=n/a
[MOCK ROBOT] SEARCH LEFT target=PERSON distance=UNKNOWN confidence=n/a
[MOCK ROBOT] SEARCH LEFT target=PERSON distance=UNKNOWN confidence=n/a
[MOCK ROBOT] LOOK LEFT target=PERSON distance=UNKNOWN confidence=n/a
[MOCK ROBOT] LOOK RIGHT target=PERSON distance=UNKNOWN confidence=n/a
[MOCK ROBOT] LOOK LEFT target=PERSON distance=UNKNOWN confidence=n/a
[MOCK ROBOT] SEARCH LEFT target=PERSON distance=UNKNOWN confidence=n/a
[MOCK ROBOT] LOOK LEFT target=PERSON distance=UNKNOWN confidence=n/a
[MOCK ROBOT] LOOK CENTER target=PERSON distance=UNKNOWN confidence=n/a
[MOCK ROBOT] LOOK LEFT target=PERSON distance=UNKNOWN confidence=n/a
[MOCK ROBOT] LOOK LEFT target=PERSON distance=UNKNOWN confidence=n/a
[MOCK ROBOT] SEARCH LEFT target=PERSON distance=UNKNOWN confidence=n/a
[MOCK ROBOT] WAIT UNKNOWN target=NONE distance=UNKNOWN confidence=n/a
[MOCK ROBOT] WAIT UNKNOWN target=NONE distance=UNKNOWN confidence=n/a
[MOCK ROBOT] WAIT UNKNOWN target=NONE distance=UNKNOWN confidence=n/a
[MOCK ROBOT] LOOK LEFT target=PERSON distance=UNKNOWN confidence=n/a
[MOCK ROBOT] LOOK RIGHT target=PERSON distance=UNKNOWN confidence=n/a
[MOCK ROBOT] LOOK CENTER target=PERSON distance=UNKNOWN confidence=n/a
[MOCK ROBOT] LOOK LEFT target=PERSON distance=UNKNOWN confidence=n/a
[MOCK ROBOT] LOOK LEFT target=PERSON distance=UNKNOWN confidence=n/a
[MOCK ROBOT] SEARCH LEFT target=PERSON distance=UNKNOWN confidence=n/a
[MOCK ROBOT] WAIT UNKNOWN target=NONE distance=UNKNOWN confidence=n/a
[MOCK ROBOT] WAIT UNKNOWN target=NONE distance=UNKNOWN confidence=n/a
[MOCK ROBOT] WAIT UNKNOWN target=NONE distance=UNKNOWN confidence=n/a
[MOCK ROBOT] LOOK LEFT target=PERSON distance=UNKNOWN confidence=n/a
[MOCK ROBOT] LOOK RIGHT target=PERSON distance=UNKNOWN confidence=n/a
[MOCK ROBOT] LOOK LEFT target=PERSON distance=UNKNOWN confidence=n/a
[MOCK ROBOT] SEARCH LEFT target=PERSON distance=UNKNOWN confidence=n/a
[MOCK ROBOT] LOOK LEFT target=PERSON distance=UNKNOWN confidence=n/a
[MOCK ROBOT] APPROACH CENTER target=PERSON distance=NEAR confidence=n/a
[MOCK ROBOT] LOOK LEFT target=PERSON distance=NEAR confidence=n/a
[MOCK ROBOT] APPROACH CENTER target=PERSON distance=NEAR confidence=n/a
[MOCK ROBOT] APPROACH CENTER target=PERSON distance=NEAR confidence=n/a
[MOCK ROBOT] APPROACH CENTER target=PERSON distance=NEAR confidence=n/a
[MOCK ROBOT] LOOK LEFT target=PERSON distance=NEAR confidence=n/a
[MOCK ROBOT] APPROACH CENTER target=PERSON distance=NEAR confidence=n/a
[MOCK ROBOT] APPROACH CENTER target=PERSON distance=NEAR confidence=n/a
[MOCK ROBOT] APPROACH CENTER target=PERSON distance=NEAR confidence=n/a
[MOCK ROBOT] LOOK CENTER target=PERSON distance=NEAR confidence=n/a
[MOCK ROBOT] LOOK LEFT target=PERSON distance=NEAR confidence=n/a
[MOCK ROBOT] LOOK LEFT target=PERSON distance=NEAR confidence=n/a
[MOCK ROBOT] SEARCH LEFT target=PERSON distance=UNKNOWN confidence=n/a
[MOCK ROBOT] SEARCH LEFT target=PERSON distance=UNKNOWN confidence=n/a
[MOCK ROBOT] SEARCH LEFT target=PERSON distance=UNKNOWN confidence=n/a
[MOCK ROBOT] WAIT UNKNOWN target=NONE distance=UNKNOWN confidence=n/a
[MOCK ROBOT] LOOK LEFT target=PERSON distance=NEAR confidence=n/a
[MOCK ROBOT] LOOK CENTER target=PERSON distance=NEAR confidence=n/a
[MOCK ROBOT] LOOK CENTER target=PERSON distance=NEAR confidence=n/a
[MOCK ROBOT] LOOK LEFT target=PERSON distance=NEAR confidence=n/a
[MOCK ROBOT] LOOK LEFT target=PERSON distance=NEAR confidence=n/a
[MOCK ROBOT] SEARCH LEFT target=PERSON distance=UNKNOWN confidence=n/a
[MOCK ROBOT] SEARCH LEFT target=PERSON distance=UNKNOWN confidence=n/a
[MOCK ROBOT] SEARCH LEFT target=PERSON distance=UNKNOWN confidence=n/a
[MOCK ROBOT] WAIT UNKNOWN target=NONE distance=UNKNOWN confidence=n/a
[MOCK ROBOT] LOOK LEFT target=PERSON distance=NEAR confidence=n/a
[MOCK ROBOT] LOOK CENTER target=PERSON distance=NEAR confidence=n/a
[MOCK ROBOT] LOOK LEFT target=PERSON distance=NEAR confidence=n/a
[MOCK ROBOT] SEARCH LEFT target=PERSON distance=UNKNOWN confidence=n/a
[MOCK ROBOT] LOOK LEFT target=PERSON distance=NEAR confidence=n/a
[MOCK ROBOT] LOOK CENTER target=PERSON distance=NEAR confidence=n/a
[MOCK ROBOT] LOOK LEFT target=PERSON distance=NEAR confidence=n/a
[MOCK ROBOT] LOOK LEFT target=PERSON distance=NEAR confidence=n/a
[MOCK ROBOT] SEARCH LEFT target=PERSON distance=UNKNOWN confidence=n/a
[MOCK ROBOT] WAIT UNKNOWN target=NONE distance=UNKNOWN confidence=n/a
[MOCK ROBOT] SEARCH LEFT target=PERSON distance=UNKNOWN confidence=n/a
[MOCK ROBOT] WAIT UNKNOWN target=NONE distance=UNKNOWN confidence=n/a
[MOCK ROBOT] LOOK LEFT target=PERSON distance=NEAR confidence=n/a
[MOCK ROBOT] LOOK CENTER target=PERSON distance=NEAR confidence=n/a
[MOCK ROBOT] LOOK CENTER target=PERSON distance=NEAR confidence=n/a
[MOCK ROBOT] LOOK LEFT target=PERSON distance=NEAR confidence=n/a
[MOCK ROBOT] LOOK LEFT target=PERSON distance=NEAR confidence=n/a
[MOCK ROBOT] SEARCH LEFT target=PERSON distance=UNKNOWN confidence=n/a
[MOCK ROBOT] WAIT UNKNOWN target=NONE distance=UNKNOWN confidence=n/a
[MOCK ROBOT] SEARCH LEFT target=PERSON distance=UNKNOWN confidence=n/a
[MOCK ROBOT] WAIT UNKNOWN target=NONE distance=UNKNOWN confidence=n/a
[MOCK ROBOT] LOOK LEFT target=PERSON distance=NEAR confidence=n/a
[MOCK ROBOT] LOOK CENTER target=PERSON distance=NEAR confidence=n/a
[MOCK ROBOT] LOOK LEFT target=PERSON distance=NEAR confidence=n/a
[MOCK ROBOT] SEARCH LEFT target=PERSON distance=UNKNOWN confidence=n/a
[MOCK ROBOT] LOOK LEFT target=PERSON distance=NEAR confidence=n/a
[MOCK ROBOT] LOOK CENTER target=PERSON distance=NEAR confidence=n/a
[MOCK ROBOT] LOOK LEFT target=PERSON distance=NEAR confidence=n/a
[MOCK ROBOT] LOOK LEFT target=PERSON distance=NEAR confidence=n/a
[MOCK ROBOT] SEARCH LEFT target=PERSON distance=UNKNOWN confidence=n/a
[MOCK ROBOT] SEARCH LEFT target=PERSON distance=UNKNOWN confidence=n/a
[MOCK ROBOT] SEARCH LEFT target=PERSON distance=UNKNOWN confidence=n/a
[MOCK ROBOT] WAIT UNKNOWN target=NONE distance=UNKNOWN confidence=n/a
[MOCK ROBOT] LOOK LEFT target=PERSON distance=NEAR confidence=n/a
[MOCK ROBOT] LOOK CENTER target=PERSON distance=NEAR confidence=n/a
[MOCK ROBOT] LOOK CENTER target=PERSON distance=NEAR confidence=n/a
[MOCK ROBOT] LOOK LEFT target=PERSON distance=NEAR confidence=n/a
[MOCK ROBOT] LOOK LEFT target=PERSON distance=NEAR confidence=n/a
[MOCK ROBOT] SEARCH LEFT target=PERSON distance=UNKNOWN confidence=n/a
[MOCK ROBOT] SEARCH LEFT target=PERSON distance=UNKNOWN confidence=n/a
[MOCK ROBOT] SEARCH LEFT target=PERSON distance=UNKNOWN confidence=n/a
[MOCK ROBOT] WAIT UNKNOWN target=NONE distance=UNKNOWN confidence=n/a
[MOCK ROBOT] LOOK LEFT target=PERSON distance=NEAR confidence=n/a
[MOCK ROBOT] LOOK CENTER target=PERSON distance=NEAR confidence=n/a
[MOCK ROBOT] LOOK LEFT target=PERSON distance=NEAR confidence=n/a
[MOCK ROBOT] SEARCH LEFT target=PERSON distance=UNKNOWN confidence=n/a
[MOCK ROBOT] LOOK LEFT target=PERSON distance=NEAR confidence=n/a
[MOCK ROBOT] LOOK CENTER target=PERSON distance=NEAR confidence=n/a
[MOCK ROBOT] LOOK LEFT target=PERSON distance=NEAR confidence=n/a
[MOCK ROBOT] LOOK LEFT target=PERSON distance=NEAR confidence=n/a
[MOCK ROBOT] SEARCH LEFT target=PERSON distance=UNKNOWN confidence=n/a
[MOCK ROBOT] SEARCH LEFT target=PERSON distance=UNKNOWN confidence=n/a
[MOCK ROBOT] SEARCH LEFT target=PERSON distance=UNKNOWN confidence=n/a
[MOCK ROBOT] SEARCH LEFT target=PERSON distance=UNKNOWN confidence=n/a
[MOCK ROBOT] LOOK LEFT target=PERSON distance=NEAR confidence=n/a
[MOCK ROBOT] LOOK CENTER target=PERSON distance=NEAR confidence=n/a
[MOCK ROBOT] LOOK CENTER target=PERSON distance=NEAR confidence=n/a
[MOCK ROBOT] LOOK LEFT target=PERSON distance=NEAR confidence=n/a
[MOCK ROBOT] LOOK LEFT target=PERSON distance=NEAR confidence=n/a
[MOCK ROBOT] SEARCH LEFT target=PERSON distance=UNKNOWN confidence=n/a
[MOCK ROBOT] SEARCH LEFT target=PERSON distance=UNKNOWN confidence=n/a
[MOCK ROBOT] SEARCH LEFT target=PERSON distance=UNKNOWN confidence=n/a
[MOCK ROBOT] SEARCH LEFT target=PERSON distance=UNKNOWN confidence=n/a
[MOCK ROBOT] LOOK LEFT target=PERSON distance=NEAR confidence=n/a
[MOCK ROBOT] LOOK CENTER target=PERSON distance=NEAR confidence=n/a
[MOCK ROBOT] LOOK LEFT target=PERSON distance=NEAR confidence=n/a
[MOCK ROBOT] SEARCH LEFT target=PERSON distance=UNKNOWN confidence=n/a
[MOCK ROBOT] LOOK LEFT target=PERSON distance=NEAR confidence=n/a
[MOCK ROBOT] LOOK CENTER target=PERSON distance=NEAR confidence=n/a
[MOCK ROBOT] LOOK LEFT target=PERSON distance=NEAR confidence=n/a
[MOCK ROBOT] LOOK LEFT target=PERSON distance=NEAR confidence=n/a
[MOCK ROBOT] SEARCH LEFT target=PERSON distance=UNKNOWN confidence=n/a
[MOCK ROBOT] SEARCH LEFT target=PERSON distance=UNKNOWN confidence=n/a
[MOCK ROBOT] SEARCH LEFT target=PERSON distance=UNKNOWN confidence=n/a
[MOCK ROBOT] WAIT UNKNOWN target=NONE distance=UNKNOWN confidence=n/a
[MOCK ROBOT] LOOK LEFT target=PERSON distance=NEAR confidence=n/a
[MOCK ROBOT] LOOK CENTER target=PERSON distance=NEAR confidence=n/a
[MOCK ROBOT] LOOK CENTER target=PERSON distance=NEAR confidence=n/a
[MOCK ROBOT] LOOK LEFT target=PERSON distance=NEAR confidence=n/a
[MOCK ROBOT] LOOK LEFT target=PERSON distance=NEAR confidence=n/a
[MOCK ROBOT] SEARCH LEFT target=PERSON distance=UNKNOWN confidence=n/a
[MOCK ROBOT] SEARCH LEFT target=PERSON distance=UNKNOWN confidence=n/a
[MOCK ROBOT] SEARCH LEFT target=PERSON distance=UNKNOWN confidence=n/a
[MOCK ROBOT] WAIT UNKNOWN target=NONE distance=UNKNOWN confidence=n/a
[MOCK ROBOT] LOOK LEFT target=PERSON distance=NEAR confidence=n/a
[MOCK ROBOT] LOOK CENTER target=PERSON distance=NEAR confidence=n/a
[MOCK ROBOT] LOOK CENTER target=PERSON distance=NEAR confidence=n/a
[MOCK ROBOT] LOOK LEFT target=PERSON distance=NEAR confidence=n/a
[MOCK ROBOT] LOOK LEFT target=PERSON distance=NEAR confidence=n/a
[MOCK ROBOT] SEARCH LEFT target=PERSON distance=UNKNOWN confidence=n/a
[MOCK ROBOT] SEARCH LEFT target=PERSON distance=UNKNOWN confidence=n/a
[MOCK ROBOT] SEARCH LEFT target=PERSON distance=UNKNOWN confidence=n/a
[MOCK ROBOT] WAIT UNKNOWN target=NONE distance=UNKNOWN confidence=n/a
[MOCK ROBOT] LOOK LEFT target=PERSON distance=NEAR confidence=n/a
[MOCK ROBOT] LOOK CENTER target=PERSON distance=NEAR confidence=n/a
[MOCK ROBOT] LOOK LEFT target=PERSON distance=NEAR confidence=n/a
[MOCK ROBOT] SEARCH LEFT target=PERSON distance=UNKNOWN confidence=n/a
[MOCK ROBOT] LOOK LEFT target=PERSON distance=NEAR confidence=n/a
[MOCK ROBOT] LOOK CENTER target=PERSON distance=NEAR confidence=n/a
[MOCK ROBOT] LOOK LEFT target=PERSON distance=NEAR confidence=n/a
[MOCK ROBOT] LOOK LEFT target=PERSON distance=NEAR confidence=n/a
[MOCK ROBOT] SEARCH LEFT target=PERSON distance=UNKNOWN confidence=n/a
[MOCK ROBOT] SEARCH LEFT target=PERSON distance=UNKNOWN confidence=n/a
[MOCK ROBOT] SEARCH LEFT target=PERSON distance=UNKNOWN confidence=n/a
[MOCK ROBOT] WAIT UNKNOWN target=NONE distance=UNKNOWN confidence=n/a
[MOCK ROBOT] LOOK LEFT target=PERSON distance=NEAR confidence=n/a
[MOCK ROBOT] LOOK CENTER target=PERSON distance=NEAR confidence=n/a
[MOCK ROBOT] LOOK CENTER target=PERSON distance=NEAR confidence=n/a
[MOCK ROBOT] LOOK LEFT target=PERSON distance=NEAR confidence=n/a
[MOCK ROBOT] LOOK LEFT target=PERSON distance=NEAR confidence=n/a
[MOCK ROBOT] SEARCH LEFT target=PERSON distance=UNKNOWN confidence=n/a
[MOCK ROBOT] SEARCH LEFT target=PERSON distance=UNKNOWN confidence=n/a
[MOCK ROBOT] SEARCH LEFT target=PERSON distance=UNKNOWN confidence=n/a
[MOCK ROBOT] WAIT UNKNOWN target=NONE distance=UNKNOWN confidence=n/a
[MOCK ROBOT] LOOK LEFT target=PERSON distance=NEAR confidence=n/a
[MOCK ROBOT] LOOK CENTER target=PERSON distance=NEAR confidence=n/a
[MOCK ROBOT] LOOK LEFT target=PERSON distance=NEAR confidence=n/a
[MOCK ROBOT] SEARCH LEFT target=PERSON distance=UNKNOWN confidence=n/a
[MOCK ROBOT] LOOK LEFT target=PERSON distance=NEAR confidence=n/a
[MOCK ROBOT] LOOK CENTER target=PERSON distance=NEAR confidence=n/a
[MOCK ROBOT] LOOK LEFT target=PERSON distance=NEAR confidence=n/a
[MOCK ROBOT] LOOK LEFT target=PERSON distance=NEAR confidence=n/a
[MOCK ROBOT] SEARCH LEFT target=PERSON distance=UNKNOWN confidence=n/a
[MOCK ROBOT] WAIT LEFT target=NONE distance=UNKNOWN confidence=n/a
[MOCK ROBOT] WAIT LEFT target=NONE distance=UNKNOWN confidence=n/a
[MOCK ROBOT] WAIT UNKNOWN target=NONE distance=UNKNOWN confidence=n/a
[MOCK ROBOT] LOOK LEFT target=PERSON distance=NEAR confidence=n/a
[MOCK ROBOT] LOOK CENTER target=PERSON distance=NEAR confidence=n/a
[MOCK ROBOT] LOOK CENTER target=PERSON distance=NEAR confidence=n/a
[MOCK ROBOT] LOOK LEFT target=PERSON distance=NEAR confidence=n/a
[MOCK ROBOT] LOOK LEFT target=PERSON distance=NEAR confidence=n/a
[MOCK ROBOT] SEARCH LEFT target=PERSON distance=UNKNOWN confidence=n/a
[MOCK ROBOT] WAIT LEFT target=NONE distance=UNKNOWN confidence=n/a
[MOCK ROBOT] WAIT LEFT target=NONE distance=UNKNOWN confidence=n/a
[MOCK ROBOT] WAIT UNKNOWN target=NONE distance=UNKNOWN confidence=n/a
[MOCK ROBOT] LOOK LEFT target=PERSON distance=NEAR confidence=n/a
[MOCK ROBOT] LOOK CENTER target=PERSON distance=NEAR confidence=n/a
[MOCK ROBOT] LOOK LEFT target=PERSON distance=NEAR confidence=n/a
[MOCK ROBOT] SEARCH LEFT target=PERSON distance=UNKNOWN confidence=n/a
[MOCK ROBOT] LOOK LEFT target=PERSON distance=NEAR confidence=n/a
[MOCK ROBOT] LOOK CENTER target=PERSON distance=NEAR confidence=n/a
[MOCK ROBOT] LOOK LEFT target=PERSON distance=NEAR confidence=n/a
[MOCK ROBOT] LOOK LEFT target=PERSON distance=NEAR confidence=n/a
[MOCK ROBOT] SEARCH LEFT target=PERSON distance=UNKNOWN confidence=n/a
[MOCK ROBOT] WAIT LEFT target=NONE distance=UNKNOWN confidence=n/a
[MOCK ROBOT] WAIT LEFT target=NONE distance=UNKNOWN confidence=n/a
[MOCK ROBOT] WAIT UNKNOWN target=NONE distance=UNKNOWN confidence=n/a
[MOCK ROBOT] LOOK LEFT target=PERSON distance=NEAR confidence=n/a
[MOCK ROBOT] LOOK CENTER target=PERSON distance=NEAR confidence=n/a
[MOCK ROBOT] LOOK CENTER target=PERSON distance=NEAR confidence=n/a
[MOCK ROBOT] LOOK LEFT target=PERSON distance=NEAR confidence=n/a
[MOCK ROBOT] LOOK LEFT target=PERSON distance=NEAR confidence=n/a
[MOCK ROBOT] SEARCH LEFT target=PERSON distance=UNKNOWN confidence=n/a
[MOCK ROBOT] WAIT LEFT target=NONE distance=UNKNOWN confidence=n/a
[MOCK ROBOT] WAIT LEFT target=NONE distance=UNKNOWN confidence=n/a
[MOCK ROBOT] WAIT UNKNOWN target=NONE distance=UNKNOWN confidence=n/a
[MOCK ROBOT] LOOK LEFT target=PERSON distance=NEAR confidence=n/a
[MOCK ROBOT] LOOK CENTER target=PERSON distance=NEAR confidence=n/a
[MOCK ROBOT] LOOK LEFT target=PERSON distance=NEAR confidence=n/a
[MOCK ROBOT] SEARCH LEFT target=PERSON distance=UNKNOWN confidence=n/a
[MOCK ROBOT] LOOK LEFT target=PERSON distance=NEAR confidence=n/a
[MOCK ROBOT] LOOK CENTER target=PERSON distance=NEAR confidence=n/a
[MOCK ROBOT] LOOK LEFT target=PERSON distance=NEAR confidence=n/a
[MOCK ROBOT] LOOK LEFT target=PERSON distance=NEAR confidence=n/a
[MOCK ROBOT] SEARCH LEFT target=PERSON distance=UNKNOWN confidence=n/a
[MOCK ROBOT] WAIT LEFT target=NONE distance=UNKNOWN confidence=n/a
[MOCK ROBOT] WAIT LEFT target=NONE distance=UNKNOWN confidence=n/a
[MOCK ROBOT] WAIT UNKNOWN target=NONE distance=UNKNOWN confidence=n/a
[MOCK ROBOT] LOOK LEFT target=PERSON distance=NEAR confidence=n/a
[MOCK ROBOT] LOOK CENTER target=PERSON distance=NEAR confidence=n/a
[MOCK ROBOT] LOOK CENTER target=PERSON distance=NEAR confidence=n/a
[MOCK ROBOT] LOOK LEFT target=PERSON distance=NEAR confidence=n/a
[MOCK ROBOT] LOOK LEFT target=PERSON distance=NEAR confidence=n/a
[MOCK ROBOT] SEARCH LEFT target=PERSON distance=UNKNOWN confidence=n/a
[MOCK ROBOT] WAIT LEFT target=NONE distance=UNKNOWN confidence=n/a
[MOCK ROBOT] WAIT LEFT target=NONE distance=UNKNOWN confidence=n/a
[MOCK ROBOT] WAIT UNKNOWN target=NONE distance=UNKNOWN confidence=n/a
[MOCK ROBOT] LOOK LEFT target=PERSON distance=NEAR confidence=n/a
[MOCK ROBOT] LOOK CENTER target=PERSON distance=NEAR confidence=n/a
[MOCK ROBOT] LOOK LEFT target=PERSON distance=NEAR confidence=n/a
[MOCK ROBOT] SEARCH LEFT target=PERSON distance=UNKNOWN confidence=n/a
[MOCK ROBOT] LOOK LEFT target=PERSON distance=NEAR confidence=n/a
[MOCK ROBOT] LOOK CENTER target=PERSON distance=NEAR confidence=n/a
[MOCK ROBOT] LOOK LEFT target=PERSON distance=NEAR confidence=n/a
[MOCK ROBOT] LOOK LEFT target=PERSON distance=NEAR confidence=n/a
[MOCK ROBOT] SEARCH LEFT target=PERSON distance=UNKNOWN confidence=n/a
[MOCK ROBOT] WAIT LEFT target=NONE distance=UNKNOWN confidence=n/a
[MOCK ROBOT] WAIT LEFT target=NONE distance=UNKNOWN confidence=n/a
[MOCK ROBOT] WAIT UNKNOWN target=NONE distance=UNKNOWN confidence=n/a
[MOCK ROBOT] LOOK LEFT target=PERSON distance=NEAR confidence=n/a
[MOCK ROBOT] LOOK CENTER target=PERSON distance=NEAR confidence=n/a
[MOCK ROBOT] LOOK CENTER target=PERSON distance=NEAR confidence=n/a
[MOCK ROBOT] LOOK LEFT target=PERSON distance=NEAR confidence=n/a
[MOCK ROBOT] LOOK LEFT target=PERSON distance=NEAR confidence=n/a
[MOCK ROBOT] SEARCH LEFT target=PERSON distance=UNKNOWN confidence=n/a
[MOCK ROBOT] WAIT LEFT target=NONE distance=UNKNOWN confidence=n/a
[MOCK ROBOT] WAIT LEFT target=NONE distance=UNKNOWN confidence=n/a
[MOCK ROBOT] WAIT UNKNOWN target=NONE distance=UNKNOWN confidence=n/a
[MOCK ROBOT] LOOK LEFT target=PERSON distance=NEAR confidence=n/a
[MOCK ROBOT] LOOK CENTER target=PERSON distance=NEAR confidence=n/a
[MOCK ROBOT] LOOK LEFT target=PERSON distance=NEAR confidence=n/a
[MOCK ROBOT] SEARCH LEFT target=PERSON distance=UNKNOWN confidence=n/a
[MOCK ROBOT] LOOK LEFT target=PERSON distance=NEAR confidence=n/a
[MOCK ROBOT] LOOK CENTER target=PERSON distance=NEAR confidence=n/a
[MOCK ROBOT] LOOK LEFT target=PERSON distance=NEAR confidence=n/a
[MOCK ROBOT] LOOK LEFT target=PERSON distance=NEAR confidence=n/a
[MOCK ROBOT] SEARCH LEFT target=PERSON distance=UNKNOWN confidence=n/a
[MOCK ROBOT] WAIT LEFT target=NONE distance=UNKNOWN confidence=n/a
[MOCK ROBOT] WAIT LEFT target=NONE distance=UNKNOWN confidence=n/a
[MOCK ROBOT] WAIT UNKNOWN target=NONE distance=UNKNOWN confidence=n/a
[MOCK ROBOT] LOOK LEFT target=PERSON distance=NEAR confidence=n/a
[MOCK ROBOT] LOOK CENTER target=PERSON distance=NEAR confidence=n/a
[MOCK ROBOT] LOOK CENTER target=PERSON distance=NEAR confidence=n/a
[MOCK ROBOT] LOOK LEFT target=PERSON distance=NEAR confidence=n/a
[MOCK ROBOT] LOOK LEFT target=PERSON distance=NEAR confidence=n/a
[MOCK ROBOT] SEARCH LEFT target=PERSON distance=UNKNOWN confidence=n/a
[MOCK ROBOT] WAIT LEFT target=NONE distance=UNKNOWN confidence=n/a
[MOCK ROBOT] WAIT LEFT target=NONE distance=UNKNOWN confidence=n/a
[MOCK ROBOT] WAIT UNKNOWN target=NONE distance=UNKNOWN confidence=n/a
[MOCK ROBOT] LOOK LEFT target=PERSON distance=NEAR confidence=n/a
[MOCK ROBOT] LOOK CENTER target=PERSON distance=NEAR confidence=n/a
[MOCK ROBOT] LOOK LEFT target=PERSON distance=NEAR confidence=n/a
[MOCK ROBOT] SEARCH LEFT target=PERSON distance=UNKNOWN confidence=n/a
[MOCK ROBOT] LOOK LEFT target=PERSON distance=NEAR confidence=n/a
{"best": "reports\\phase34\\json_linear_uninstrumented.json", "best_full_observation": "reports\\phase34\\json_linear_uninstrumented.json", "final_tier": "B", "hybrid_recommended": false}
